00:00:00 [test] hello world
